\BOOKMARK [1][-]{section.1}{\376\377\173\054\116\000\172\340\000\040\124\175\230\230\151\202\217\360}{}% 1
\BOOKMARK [1][-]{section.2}{\376\377\173\054\116\214\172\340\000\040\124\175\230\230\122\006\147\220}{}% 2
\BOOKMARK [2][-]{subsection.2.1}{\376\377\0002\000.\0001\000\040\124\175\230\230\230\230\166\356}{section.2}% 3
\BOOKMARK [2][-]{subsection.2.2}{\376\377\0002\000.\0002\000\040\124\175\230\230\121\205\133\271\123\312\173\124\230\230\211\201\154\102}{section.2}% 4
\BOOKMARK [2][-]{subsection.2.3}{\376\377\0002\000.\0003\000\040\124\175\230\230\122\006\147\220}{section.2}% 5
\BOOKMARK [1][-]{section.3}{\376\377\173\054\116\011\172\340\000\040\210\114\116\032\200\314\146\157\122\006\147\220}{}% 6
\BOOKMARK [2][-]{subsection.3.1}{\376\377\0003\000.\0001\000\040\210\114\116\032\163\260\162\266}{section.3}% 7
\BOOKMARK [2][-]{subsection.3.2}{\376\377\0003\000.\0002\000\040\124\175\230\230\166\370\121\163\142\200\147\057\214\003\170\024}{section.3}% 8
\BOOKMARK [1][-]{section.4}{\376\377\173\054\126\333\172\340\000\040\133\236\163\260\145\271\150\110}{}% 9
\BOOKMARK [2][-]{subsection.4.1}{\376\377\0004\000.\0001\000\040\117\134\124\301\173\200\116\313}{section.4}% 10
\BOOKMARK [2][-]{subsection.4.2}{\376\377\0004\000.\0002\000\040\142\200\147\057\145\271\150\110}{section.4}% 11
\BOOKMARK [2][-]{subsection.4.3}{\376\377\0004\000.\0003\000\040\145\271\150\110\176\306\202\202}{section.4}% 12
\BOOKMARK [2][-]{subsection.4.4}{\376\377\0004\000.\0004\000\040\124\175\230\230\124\315\136\224\145\110\147\234}{section.4}% 13
\BOOKMARK [2][-]{subsection.4.5}{\376\377\0004\000.\0005\000\040\124\175\230\230\117\001\116\032\133\371\145\271\150\110\213\304\116\367}{section.4}% 14
\BOOKMARK [1][-]{section.5}{\376\377\173\054\116\224\172\340\000\040\142\200\147\057\122\033\145\260}{}% 15
\BOOKMARK [2][-]{subsection.5.1}{\376\377\0005\000.\0001\000\040\150\070\137\303\142\200\147\057\122\033\145\260\160\271}{section.5}% 16
\BOOKMARK [2][-]{subsection.5.2}{\376\377\0005\000.\0002\000\040\201\352\116\073\167\345\213\306\116\247\147\103}{section.5}% 17
\BOOKMARK [1][-]{section.6}{\376\377\173\054\121\155\172\340\000\040\230\171\166\356\136\224\165\050\140\305\121\265}{}% 18
\BOOKMARK [2][-]{subsection.6.1}{\376\377\0006\000.\0001\000\040\204\075\127\060\136\224\165\050}{section.6}% 19
\BOOKMARK [2][-]{subsection.6.2}{\376\377\0006\000.\0002\000\040\116\272\147\072\116\244\116\222\155\101\172\013}{section.6}% 20
\BOOKMARK [1][-]{section.7}{\376\377\173\054\116\003\172\340\000\040\126\342\226\037\116\313\176\315}{}% 21
\BOOKMARK [2][-]{subsection.7.1}{\376\377\0007\000.\0001\000\040\126\342\226\037\142\020\124\130}{section.7}% 22
\BOOKMARK [2][-]{subsection.7.2}{\376\377\0007\000.\0002\000\040\126\342\226\037\147\266\147\204}{section.7}% 23
\BOOKMARK [1][-]{section.8}{\376\377\173\054\121\153\172\340\000\040\116\052\116\272\142\020\225\177\116\016\145\131\200\262\140\305\121\265}{}% 24
\BOOKMARK [2][-]{subsection.8.1}{\376\377\0008\000.\0001\000\040\126\342\226\037\133\146\116\140\142\020\225\177\215\357\137\204}{section.8}% 25
\BOOKMARK [2][-]{subsection.8.2}{\376\377\0008\000.\0002\000\040\170\024\123\321\123\206\172\013}{section.8}% 26
\BOOKMARK [2][-]{subsection.8.3}{\376\377\0008\000.\0003\000\040\145\131\200\262\123\206\172\013}{section.8}% 27
\BOOKMARK [2][-]{subsection.8.4}{\376\377\0008\000.\0004\000\040\116\247\145\131\207\215\124\010}{section.8}% 28
\BOOKMARK [2][-]{subsection.8.5}{\376\377\0008\000.\0005\000\040\147\052\147\145\211\304\122\022}{section.8}% 29
\BOOKMARK [1][-]{section*.7}{\376\377\226\104\116\366}{}% 30
